------------------------------------------------------------
TimeQuest Timing Analyzer Summary
------------------------------------------------------------

Type  : Slow Model Setup 'KEY[1]'
Slack : -9.349
TNS   : -555.948

Type  : Slow Model Setup 'FSMExecute:FSMExecute|stop_operation_finished'
Slack : -1.955
TNS   : -11.447

Type  : Slow Model Hold 'KEY[1]'
Slack : -2.446
TNS   : -15.937

Type  : Slow Model Hold 'FSMExecute:FSMExecute|stop_operation_finished'
Slack : 0.229
TNS   : 0.000

Type  : Slow Model Recovery 'KEY[1]'
Slack : 1.061
TNS   : 0.000

Type  : Slow Model Removal 'KEY[1]'
Slack : -1.014
TNS   : -14.663

Type  : Slow Model Minimum Pulse Width 'KEY[1]'
Slack : -2.000
TNS   : -342.222

Type  : Slow Model Minimum Pulse Width 'FSMExecute:FSMExecute|stop_operation_finished'
Slack : 0.500
TNS   : 0.000

Type  : Fast Model Setup 'KEY[1]'
Slack : -3.596
TNS   : -208.338

Type  : Fast Model Setup 'FSMExecute:FSMExecute|stop_operation_finished'
Slack : -0.381
TNS   : -1.233

Type  : Fast Model Hold 'KEY[1]'
Slack : -1.493
TNS   : -17.194

Type  : Fast Model Hold 'FSMExecute:FSMExecute|stop_operation_finished'
Slack : 0.203
TNS   : 0.000

Type  : Fast Model Recovery 'KEY[1]'
Slack : 1.062
TNS   : 0.000

Type  : Fast Model Removal 'KEY[1]'
Slack : -0.782
TNS   : -11.812

Type  : Fast Model Minimum Pulse Width 'KEY[1]'
Slack : -2.000
TNS   : -342.222

Type  : Fast Model Minimum Pulse Width 'FSMExecute:FSMExecute|stop_operation_finished'
Slack : 0.500
TNS   : 0.000

------------------------------------------------------------
