Analysis & Synthesis report for multicycle
Tue Nov 26 16:28:28 2013
Quartus II 32-bit Version 11.1 Build 259 01/25/2012 Service Pack 2 SJ Web Edition


---------------------
; Table of Contents ;
---------------------
  1. Legal Notice
  2. Analysis & Synthesis Summary
  3. Analysis & Synthesis Settings
  4. Parallel Compilation
  5. Analysis & Synthesis Source Files Read
  6. Analysis & Synthesis Resource Usage Summary
  7. Analysis & Synthesis Resource Utilization by Entity
  8. Analysis & Synthesis RAM Summary
  9. Analysis & Synthesis IP Cores Summary
 10. User-Specified and Inferred Latches
 11. General Register Statistics
 12. Inverted Register Statistics
 13. Multiplexer Restructuring Statistics (Restructuring Performed)
 14. Source assignments for memory:DataMem|DualMem:inst|altsyncram:altsyncram_component|altsyncram_up82:auto_generated
 15. Parameter Settings for User Entity Instance: Top-level Entity: |multicycle
 16. Parameter Settings for User Entity Instance: FSMExecute:FSMExecute
 17. Parameter Settings for User Entity Instance: FSMWB:FSMWB
 18. Parameter Settings for User Entity Instance: DataHazardControl:DataHazardControl
 19. Parameter Settings for User Entity Instance: memory:DataMem|DualMem:inst|altsyncram:altsyncram_component
 20. Parameter Settings for User Entity Instance: sExtend:SE4
 21. Parameter Settings for User Entity Instance: zExtend:ZE3
 22. Parameter Settings for User Entity Instance: zExtend:ZE5
 23. altsyncram Parameter Settings by Entity Instance
 24. Port Connectivity Checks: "register_8bit:ALUOut_reg"
 25. Port Connectivity Checks: "register_8bit:R2"
 26. Port Connectivity Checks: "register_8bit:R1"
 27. Port Connectivity Checks: "ALU:PC_ALU"
 28. Port Connectivity Checks: "register_8bit:PC3"
 29. Port Connectivity Checks: "register_8bit:PC2"
 30. Port Connectivity Checks: "register_8bit:PC1"
 31. Port Connectivity Checks: "register_8bit_ir:IR3_reg"
 32. Port Connectivity Checks: "register_8bit_ir:IR2_reg"
 33. Port Connectivity Checks: "register_8bit_ir:IR1_reg"
 34. Port Connectivity Checks: "mux5to1_8bit:ALU_in2_mux"
 35. Port Connectivity Checks: "mux5to1_8bit:ALU_in1_mux"
 36. Port Connectivity Checks: "FSMExecute:FSMExecute"
 37. Elapsed Time Per Partition
 38. Analysis & Synthesis Messages



----------------
; Legal Notice ;
----------------
Copyright (C) 1991-2011 Altera Corporation
Your use of Altera Corporation's design tools, logic functions 
and other software and tools, and its AMPP partner logic 
functions, and any output files from any of the foregoing 
(including device programming or simulation files), and any 
associated documentation or information are expressly subject 
to the terms and conditions of the Altera Program License 
Subscription Agreement, Altera MegaCore Function License 
Agreement, or other applicable license agreement, including, 
without limitation, that your use is for the sole purpose of 
programming logic devices manufactured by Altera and sold by 
Altera or its authorized distributors.  Please refer to the 
applicable agreement for further details.



+------------------------------------------------------------------------------------+
; Analysis & Synthesis Summary                                                       ;
+------------------------------------+-----------------------------------------------+
; Analysis & Synthesis Status        ; Successful - Tue Nov 26 16:28:28 2013         ;
; Quartus II 32-bit Version          ; 11.1 Build 259 01/25/2012 SP 2 SJ Web Edition ;
; Revision Name                      ; multicycle                                    ;
; Top-level Entity Name              ; multicycle                                    ;
; Family                             ; Cyclone II                                    ;
; Total logic elements               ; 402                                           ;
;     Total combinational functions  ; 333                                           ;
;     Dedicated logic registers      ; 129                                           ;
; Total registers                    ; 129                                           ;
; Total pins                         ; 88                                            ;
; Total virtual pins                 ; 0                                             ;
; Total memory bits                  ; 2,048                                         ;
; Embedded Multiplier 9-bit elements ; 0                                             ;
; Total PLLs                         ; 0                                             ;
+------------------------------------+-----------------------------------------------+


+----------------------------------------------------------------------------------------------------------------------+
; Analysis & Synthesis Settings                                                                                        ;
+----------------------------------------------------------------------------+--------------------+--------------------+
; Option                                                                     ; Setting            ; Default Value      ;
+----------------------------------------------------------------------------+--------------------+--------------------+
; Device                                                                     ; EP2C35F672C6       ;                    ;
; Top-level entity name                                                      ; multicycle         ; multicycle         ;
; Family name                                                                ; Cyclone II         ; Cyclone IV GX      ;
; Use smart compilation                                                      ; Off                ; Off                ;
; Enable parallel Assembler and TimeQuest Timing Analyzer during compilation ; On                 ; On                 ;
; Enable compact report table                                                ; Off                ; Off                ;
; Restructure Multiplexers                                                   ; Auto               ; Auto               ;
; Create Debugging Nodes for IP Cores                                        ; Off                ; Off                ;
; Preserve fewer node names                                                  ; On                 ; On                 ;
; Disable OpenCore Plus hardware evaluation                                  ; Off                ; Off                ;
; Verilog Version                                                            ; Verilog_2001       ; Verilog_2001       ;
; VHDL Version                                                               ; VHDL_1993          ; VHDL_1993          ;
; State Machine Processing                                                   ; Auto               ; Auto               ;
; Safe State Machine                                                         ; Off                ; Off                ;
; Extract Verilog State Machines                                             ; On                 ; On                 ;
; Extract VHDL State Machines                                                ; On                 ; On                 ;
; Ignore Verilog initial constructs                                          ; Off                ; Off                ;
; Iteration limit for constant Verilog loops                                 ; 5000               ; 5000               ;
; Iteration limit for non-constant Verilog loops                             ; 250                ; 250                ;
; Add Pass-Through Logic to Inferred RAMs                                    ; On                 ; On                 ;
; Infer RAMs from Raw Logic                                                  ; On                 ; On                 ;
; Parallel Synthesis                                                         ; On                 ; On                 ;
; DSP Block Balancing                                                        ; Auto               ; Auto               ;
; NOT Gate Push-Back                                                         ; On                 ; On                 ;
; Power-Up Don't Care                                                        ; On                 ; On                 ;
; Remove Redundant Logic Cells                                               ; Off                ; Off                ;
; Remove Duplicate Registers                                                 ; On                 ; On                 ;
; Ignore CARRY Buffers                                                       ; Off                ; Off                ;
; Ignore CASCADE Buffers                                                     ; Off                ; Off                ;
; Ignore GLOBAL Buffers                                                      ; Off                ; Off                ;
; Ignore ROW GLOBAL Buffers                                                  ; Off                ; Off                ;
; Ignore LCELL Buffers                                                       ; Off                ; Off                ;
; Ignore SOFT Buffers                                                        ; On                 ; On                 ;
; Limit AHDL Integers to 32 Bits                                             ; Off                ; Off                ;
; Optimization Technique                                                     ; Balanced           ; Balanced           ;
; Carry Chain Length                                                         ; 70                 ; 70                 ;
; Auto Carry Chains                                                          ; On                 ; On                 ;
; Auto Open-Drain Pins                                                       ; On                 ; On                 ;
; Perform WYSIWYG Primitive Resynthesis                                      ; Off                ; Off                ;
; Auto ROM Replacement                                                       ; On                 ; On                 ;
; Auto RAM Replacement                                                       ; On                 ; On                 ;
; Auto Shift Register Replacement                                            ; Auto               ; Auto               ;
; Allow Shift Register Merging across Hierarchies                            ; Auto               ; Auto               ;
; Auto Clock Enable Replacement                                              ; On                 ; On                 ;
; Strict RAM Replacement                                                     ; Off                ; Off                ;
; Allow Synchronous Control Signals                                          ; On                 ; On                 ;
; Force Use of Synchronous Clear Signals                                     ; Off                ; Off                ;
; Auto RAM to Logic Cell Conversion                                          ; Off                ; Off                ;
; Auto Resource Sharing                                                      ; Off                ; Off                ;
; Allow Any RAM Size For Recognition                                         ; Off                ; Off                ;
; Allow Any ROM Size For Recognition                                         ; Off                ; Off                ;
; Allow Any Shift Register Size For Recognition                              ; Off                ; Off                ;
; Use LogicLock Constraints during Resource Balancing                        ; On                 ; On                 ;
; Ignore translate_off and synthesis_off directives                          ; Off                ; Off                ;
; Timing-Driven Synthesis                                                    ; Off                ; Off                ;
; Report Parameter Settings                                                  ; On                 ; On                 ;
; Report Source Assignments                                                  ; On                 ; On                 ;
; Report Connectivity Checks                                                 ; On                 ; On                 ;
; Ignore Maximum Fan-Out Assignments                                         ; Off                ; Off                ;
; Synchronization Register Chain Length                                      ; 2                  ; 2                  ;
; PowerPlay Power Optimization                                               ; Normal compilation ; Normal compilation ;
; HDL message level                                                          ; Level2             ; Level2             ;
; Suppress Register Optimization Related Messages                            ; Off                ; Off                ;
; Number of Removed Registers Reported in Synthesis Report                   ; 5000               ; 5000               ;
; Number of Inverted Registers Reported in Synthesis Report                  ; 100                ; 100                ;
; Clock MUX Protection                                                       ; On                 ; On                 ;
; Auto Gated Clock Conversion                                                ; Off                ; Off                ;
; Block Design Naming                                                        ; Auto               ; Auto               ;
; SDC constraint protection                                                  ; Off                ; Off                ;
; Synthesis Effort                                                           ; Auto               ; Auto               ;
; Shift Register Replacement - Allow Asynchronous Clear Signal               ; On                 ; On                 ;
; Analysis & Synthesis Message Level                                         ; Medium             ; Medium             ;
; Disable Register Merging Across Hierarchies                                ; Auto               ; Auto               ;
; Resource Aware Inference For Block RAM                                     ; On                 ; On                 ;
; Synthesis Seed                                                             ; 1                  ; 1                  ;
+----------------------------------------------------------------------------+--------------------+--------------------+


Parallel compilation was disabled, but you have multiple processors available. Enable parallel compilation to reduce compilation time.
+-------------------------------------+
; Parallel Compilation                ;
+----------------------------+--------+
; Processors                 ; Number ;
+----------------------------+--------+
; Number detected on machine ; 4      ;
; Maximum allowed            ; 1      ;
+----------------------------+--------+


+------------------------------------------------------------------------------------------------------------------------------------------------------------------------+
; Analysis & Synthesis Source Files Read                                                                                                                                 ;
+----------------------------------+-----------------+----------------------------------------+--------------------------------------------------------------------------+
; File Name with User-Entered Path ; Used in Netlist ; File Type                              ; File Name with Absolute Path                                             ;
+----------------------------------+-----------------+----------------------------------------+--------------------------------------------------------------------------+
; register_8bit.v                  ; yes             ; User Verilog HDL File                  ; Z:/processor_v3_verilogReset/processor_v3_verilog/register_8bit.v        ;
; mux2to1_8bit.v                   ; yes             ; User Verilog HDL File                  ; Z:/processor_v3_verilogReset/processor_v3_verilog/mux2to1_8bit.v         ;
; mux2to1_2bit.v                   ; yes             ; User Verilog HDL File                  ; Z:/processor_v3_verilogReset/processor_v3_verilog/mux2to1_2bit.v         ;
; mux5to1_8bit.v                   ; yes             ; User Verilog HDL File                  ; Z:/processor_v3_verilogReset/processor_v3_verilog/mux5to1_8bit.v         ;
; DualMem.v                        ; yes             ; User Wizard-Generated File             ; Z:/processor_v3_verilogReset/processor_v3_verilog/DualMem.v              ;
; multicycle.v                     ; yes             ; User Verilog HDL File                  ; Z:/processor_v3_verilogReset/processor_v3_verilog/multicycle.v           ;
; ALU.v                            ; yes             ; User Verilog HDL File                  ; Z:/processor_v3_verilogReset/processor_v3_verilog/ALU.v                  ;
; RF.v                             ; yes             ; User Verilog HDL File                  ; Z:/processor_v3_verilogReset/processor_v3_verilog/RF.v                   ;
; extend.v                         ; yes             ; User Verilog HDL File                  ; Z:/processor_v3_verilogReset/processor_v3_verilog/extend.v               ;
; HEX.v                            ; yes             ; User Verilog HDL File                  ; Z:/processor_v3_verilogReset/processor_v3_verilog/HEX.v                  ;
; FSM.v                            ; yes             ; User Verilog HDL File                  ; Z:/processor_v3_verilogReset/processor_v3_verilog/FSM.v                  ;
; memory.bdf                       ; yes             ; User Block Diagram/Schematic File      ; Z:/processor_v3_verilogReset/processor_v3_verilog/memory.bdf             ;
; altsyncram.tdf                   ; yes             ; Megafunction                           ; c:/altera/11.1sp2/quartus/libraries/megafunctions/altsyncram.tdf         ;
; stratix_ram_block.inc            ; yes             ; Megafunction                           ; c:/altera/11.1sp2/quartus/libraries/megafunctions/stratix_ram_block.inc  ;
; lpm_mux.inc                      ; yes             ; Megafunction                           ; c:/altera/11.1sp2/quartus/libraries/megafunctions/lpm_mux.inc            ;
; lpm_decode.inc                   ; yes             ; Megafunction                           ; c:/altera/11.1sp2/quartus/libraries/megafunctions/lpm_decode.inc         ;
; aglobal111.inc                   ; yes             ; Megafunction                           ; c:/altera/11.1sp2/quartus/libraries/megafunctions/aglobal111.inc         ;
; a_rdenreg.inc                    ; yes             ; Megafunction                           ; c:/altera/11.1sp2/quartus/libraries/megafunctions/a_rdenreg.inc          ;
; altrom.inc                       ; yes             ; Megafunction                           ; c:/altera/11.1sp2/quartus/libraries/megafunctions/altrom.inc             ;
; altram.inc                       ; yes             ; Megafunction                           ; c:/altera/11.1sp2/quartus/libraries/megafunctions/altram.inc             ;
; altdpram.inc                     ; yes             ; Megafunction                           ; c:/altera/11.1sp2/quartus/libraries/megafunctions/altdpram.inc           ;
; db/altsyncram_up82.tdf           ; yes             ; Auto-Generated Megafunction            ; Z:/processor_v3_verilogReset/processor_v3_verilog/db/altsyncram_up82.tdf ;
; trial2.mif                       ; yes             ; Auto-Found Memory Initialization File  ; Z:/processor_v3_verilogReset/processor_v3_verilog/trial2.mif             ;
+----------------------------------+-----------------+----------------------------------------+--------------------------------------------------------------------------+


+------------------------------------------------------+
; Analysis & Synthesis Resource Usage Summary          ;
+---------------------------------------------+--------+
; Resource                                    ; Usage  ;
+---------------------------------------------+--------+
; Estimated Total logic elements              ; 402    ;
;                                             ;        ;
; Total combinational functions               ; 333    ;
; Logic element usage by number of LUT inputs ;        ;
;     -- 4 input functions                    ; 189    ;
;     -- 3 input functions                    ; 108    ;
;     -- <=2 input functions                  ; 36     ;
;                                             ;        ;
; Logic elements by mode                      ;        ;
;     -- normal mode                          ; 298    ;
;     -- arithmetic mode                      ; 35     ;
;                                             ;        ;
; Total registers                             ; 129    ;
;     -- Dedicated logic registers            ; 129    ;
;     -- I/O registers                        ; 0      ;
;                                             ;        ;
; I/O pins                                    ; 88     ;
; Total memory bits                           ; 2048   ;
; Maximum fan-out node                        ; KEY[1] ;
; Maximum fan-out                             ; 137    ;
; Total fan-out                               ; 1822   ;
; Average fan-out                             ; 3.27   ;
+---------------------------------------------+--------+


+----------------------------------------------------------------------------------------------------------------------------------------------------------------------------------------------------------------------------------------------------------------------------------+
; Analysis & Synthesis Resource Utilization by Entity                                                                                                                                                                                                                              ;
+----------------------------------------------+-------------------+--------------+-------------+--------------+---------+-----------+------+--------------+--------------------------------------------------------------------------------------------------------+--------------+
; Compilation Hierarchy Node                   ; LC Combinationals ; LC Registers ; Memory Bits ; DSP Elements ; DSP 9x9 ; DSP 18x18 ; Pins ; Virtual Pins ; Full Hierarchy Name                                                                                    ; Library Name ;
+----------------------------------------------+-------------------+--------------+-------------+--------------+---------+-----------+------+--------------+--------------------------------------------------------------------------------------------------------+--------------+
; |multicycle                                  ; 333 (34)          ; 129 (18)     ; 2048        ; 0            ; 0       ; 0         ; 88   ; 0            ; |multicycle                                                                                            ;              ;
;    |ALU:ALU|                                 ; 79 (79)           ; 0 (0)        ; 0           ; 0            ; 0       ; 0         ; 0    ; 0            ; |multicycle|ALU:ALU                                                                                    ;              ;
;    |DataHazardControl:DataHazardControl|     ; 26 (26)           ; 0 (0)        ; 0           ; 0            ; 0       ; 0         ; 0    ; 0            ; |multicycle|DataHazardControl:DataHazardControl                                                        ;              ;
;    |FSMExecute:FSMExecute|                   ; 22 (22)           ; 1 (1)        ; 0           ; 0            ; 0       ; 0         ; 0    ; 0            ; |multicycle|FSMExecute:FSMExecute                                                                      ;              ;
;    |FSMWB:FSMWB|                             ; 2 (2)             ; 0 (0)        ; 0           ; 0            ; 0       ; 0         ; 0    ; 0            ; |multicycle|FSMWB:FSMWB                                                                                ;              ;
;    |HEXs:HEX_display|                        ; 56 (0)            ; 0 (0)        ; 0           ; 0            ; 0       ; 0         ; 0    ; 0            ; |multicycle|HEXs:HEX_display                                                                           ;              ;
;       |HEX:hex0|                             ; 7 (7)             ; 0 (0)        ; 0           ; 0            ; 0       ; 0         ; 0    ; 0            ; |multicycle|HEXs:HEX_display|HEX:hex0                                                                  ;              ;
;       |HEX:hex1|                             ; 7 (7)             ; 0 (0)        ; 0           ; 0            ; 0       ; 0         ; 0    ; 0            ; |multicycle|HEXs:HEX_display|HEX:hex1                                                                  ;              ;
;       |HEX:hex2|                             ; 7 (7)             ; 0 (0)        ; 0           ; 0            ; 0       ; 0         ; 0    ; 0            ; |multicycle|HEXs:HEX_display|HEX:hex2                                                                  ;              ;
;       |HEX:hex3|                             ; 7 (7)             ; 0 (0)        ; 0           ; 0            ; 0       ; 0         ; 0    ; 0            ; |multicycle|HEXs:HEX_display|HEX:hex3                                                                  ;              ;
;       |HEX:hex4|                             ; 7 (7)             ; 0 (0)        ; 0           ; 0            ; 0       ; 0         ; 0    ; 0            ; |multicycle|HEXs:HEX_display|HEX:hex4                                                                  ;              ;
;       |HEX:hex5|                             ; 7 (7)             ; 0 (0)        ; 0           ; 0            ; 0       ; 0         ; 0    ; 0            ; |multicycle|HEXs:HEX_display|HEX:hex5                                                                  ;              ;
;       |HEX:hex6|                             ; 7 (7)             ; 0 (0)        ; 0           ; 0            ; 0       ; 0         ; 0    ; 0            ; |multicycle|HEXs:HEX_display|HEX:hex6                                                                  ;              ;
;       |HEX:hex7|                             ; 7 (7)             ; 0 (0)        ; 0           ; 0            ; 0       ; 0         ; 0    ; 0            ; |multicycle|HEXs:HEX_display|HEX:hex7                                                                  ;              ;
;    |RF:RF_block|                             ; 36 (36)           ; 32 (32)      ; 0           ; 0            ; 0       ; 0         ; 0    ; 0            ; |multicycle|RF:RF_block                                                                                ;              ;
;    |memory:DataMem|                          ; 0 (0)             ; 0 (0)        ; 2048        ; 0            ; 0       ; 0         ; 0    ; 0            ; |multicycle|memory:DataMem                                                                             ;              ;
;       |DualMem:inst|                         ; 0 (0)             ; 0 (0)        ; 2048        ; 0            ; 0       ; 0         ; 0    ; 0            ; |multicycle|memory:DataMem|DualMem:inst                                                                ;              ;
;          |altsyncram:altsyncram_component|   ; 0 (0)             ; 0 (0)        ; 2048        ; 0            ; 0       ; 0         ; 0    ; 0            ; |multicycle|memory:DataMem|DualMem:inst|altsyncram:altsyncram_component                                ;              ;
;             |altsyncram_up82:auto_generated| ; 0 (0)             ; 0 (0)        ; 2048        ; 0            ; 0       ; 0         ; 0    ; 0            ; |multicycle|memory:DataMem|DualMem:inst|altsyncram:altsyncram_component|altsyncram_up82:auto_generated ;              ;
;    |mux2to1_2bit:R1Sel_mux|                  ; 2 (2)             ; 0 (0)        ; 0           ; 0            ; 0       ; 0         ; 0    ; 0            ; |multicycle|mux2to1_2bit:R1Sel_mux                                                                     ;              ;
;    |mux2to1_8bit:ALU_in1_BP_mux|             ; 16 (16)           ; 0 (0)        ; 0           ; 0            ; 0       ; 0         ; 0    ; 0            ; |multicycle|mux2to1_8bit:ALU_in1_BP_mux                                                                ;              ;
;    |mux2to1_8bit:ALU_in2_BP_mux|             ; 22 (22)           ; 0 (0)        ; 0           ; 0            ; 0       ; 0         ; 0    ; 0            ; |multicycle|mux2to1_8bit:ALU_in2_BP_mux                                                                ;              ;
;    |mux2to1_8bit:DataMem_address_BP_mux|     ; 8 (8)             ; 0 (0)        ; 0           ; 0            ; 0       ; 0         ; 0    ; 0            ; |multicycle|mux2to1_8bit:DataMem_address_BP_mux                                                        ;              ;
;    |mux2to1_8bit:DataMem_data_BP_mux|        ; 8 (8)             ; 0 (0)        ; 0           ; 0            ; 0       ; 0         ; 0    ; 0            ; |multicycle|mux2to1_8bit:DataMem_data_BP_mux                                                           ;              ;
;    |mux2to1_8bit:RegMux|                     ; 9 (9)             ; 0 (0)        ; 0           ; 0            ; 0       ; 0         ; 0    ; 0            ; |multicycle|mux2to1_8bit:RegMux                                                                        ;              ;
;    |mux5to1_8bit:ALU_in2_mux|                ; 3 (3)             ; 0 (0)        ; 0           ; 0            ; 0       ; 0         ; 0    ; 0            ; |multicycle|mux5to1_8bit:ALU_in2_mux                                                                   ;              ;
;    |register_8bit:ALUOut_reg|                ; 0 (0)             ; 8 (8)        ; 0           ; 0            ; 0       ; 0         ; 0    ; 0            ; |multicycle|register_8bit:ALUOut_reg                                                                   ;              ;
;    |register_8bit:MDR_reg|                   ; 0 (0)             ; 8 (8)        ; 0           ; 0            ; 0       ; 0         ; 0    ; 0            ; |multicycle|register_8bit:MDR_reg                                                                      ;              ;
;    |register_8bit:PC1|                       ; 8 (8)             ; 8 (8)        ; 0           ; 0            ; 0       ; 0         ; 0    ; 0            ; |multicycle|register_8bit:PC1                                                                          ;              ;
;    |register_8bit:PC2|                       ; 0 (0)             ; 8 (8)        ; 0           ; 0            ; 0       ; 0         ; 0    ; 0            ; |multicycle|register_8bit:PC2                                                                          ;              ;
;    |register_8bit:PC3|                       ; 0 (0)             ; 8 (8)        ; 0           ; 0            ; 0       ; 0         ; 0    ; 0            ; |multicycle|register_8bit:PC3                                                                          ;              ;
;    |register_8bit:R1|                        ; 0 (0)             ; 8 (8)        ; 0           ; 0            ; 0       ; 0         ; 0    ; 0            ; |multicycle|register_8bit:R1                                                                           ;              ;
;    |register_8bit:R2|                        ; 0 (0)             ; 8 (8)        ; 0           ; 0            ; 0       ; 0         ; 0    ; 0            ; |multicycle|register_8bit:R2                                                                           ;              ;
;    |register_8bit_ir:IR1_reg|                ; 2 (2)             ; 8 (8)        ; 0           ; 0            ; 0       ; 0         ; 0    ; 0            ; |multicycle|register_8bit_ir:IR1_reg                                                                   ;              ;
;    |register_8bit_ir:IR2_reg|                ; 0 (0)             ; 8 (8)        ; 0           ; 0            ; 0       ; 0         ; 0    ; 0            ; |multicycle|register_8bit_ir:IR2_reg                                                                   ;              ;
;    |register_8bit_ir:IR3_reg|                ; 0 (0)             ; 6 (6)        ; 0           ; 0            ; 0       ; 0         ; 0    ; 0            ; |multicycle|register_8bit_ir:IR3_reg                                                                   ;              ;
+----------------------------------------------+-------------------+--------------+-------------+--------------+---------+-----------+------+--------------+--------------------------------------------------------------------------------------------------------+--------------+
Note: For table entries with two numbers listed, the numbers in parentheses indicate the number of resources of the given type used by the specific entity alone. The numbers listed outside of parentheses indicate the total resources of the given type used by the specific entity and all of its sub-entities in the hierarchy.


+---------------------------------------------------------------------------------------------------------------------------------------------------------------------------------------------------------------+
; Analysis & Synthesis RAM Summary                                                                                                                                                                              ;
+-------------------------------------------------------------------------------------------------------+------+----------------+--------------+--------------+--------------+--------------+------+------------+
; Name                                                                                                  ; Type ; Mode           ; Port A Depth ; Port A Width ; Port B Depth ; Port B Width ; Size ; MIF        ;
+-------------------------------------------------------------------------------------------------------+------+----------------+--------------+--------------+--------------+--------------+------+------------+
; memory:DataMem|DualMem:inst|altsyncram:altsyncram_component|altsyncram_up82:auto_generated|ALTSYNCRAM ; AUTO ; True Dual Port ; 256          ; 8            ; 256          ; 8            ; 2048 ; trial2.mif ;
+-------------------------------------------------------------------------------------------------------+------+----------------+--------------+--------------+--------------+--------------+------+------------+


+-----------------------------------------------------------------------------------------------------------------------------------------------------------------------+
; Analysis & Synthesis IP Cores Summary                                                                                                                                 ;
+--------+--------------+---------+--------------+--------------+-----------------------------------------+-------------------------------------------------------------+
; Vendor ; IP Core Name ; Version ; Release Date ; License Type ; Entity Instance                         ; IP Include File                                             ;
+--------+--------------+---------+--------------+--------------+-----------------------------------------+-------------------------------------------------------------+
; Altera ; RAM: 2-PORT  ; N/A     ; N/A          ; N/A          ; |multicycle|memory:DataMem|DualMem:inst ; Z:/processor_v3_verilogReset/processor_v3_verilog/DualMem.v ;
+--------+--------------+---------+--------------+--------------+-----------------------------------------+-------------------------------------------------------------+


+------------------------------------------------------------------------------------------------------------------------------------------------+
; User-Specified and Inferred Latches                                                                                                            ;
+-----------------------------------------------------------+-----------------------------------------------------------+------------------------+
; Latch Name                                                ; Latch Enable Signal                                       ; Free of Timing Hazards ;
+-----------------------------------------------------------+-----------------------------------------------------------+------------------------+
; FSMExecute:FSMExecute|ALU_in1_mux_ctrl[0]                 ; FSMExecute:FSMExecute|stop_operation_finished             ; yes                    ;
; DataHazardControl:DataHazardControl|ALU_in1_BPSel         ; DataHazardControl:DataHazardControl|ALU_in1_BPSel         ; yes                    ;
; FSMExecute:FSMExecute|ALU_in2_mux_ctrl[0]                 ; FSMExecute:FSMExecute|stop_operation_finished             ; yes                    ;
; FSMExecute:FSMExecute|ALU_in2_mux_ctrl[2]                 ; FSMExecute:FSMExecute|stop_operation_finished             ; yes                    ;
; FSMExecute:FSMExecute|ALU_in2_mux_ctrl[1]                 ; FSMExecute:FSMExecute|stop_operation_finished             ; yes                    ;
; DataHazardControl:DataHazardControl|ALU_in2_BPSel         ; DataHazardControl:DataHazardControl|ALU_in2_BPSel         ; yes                    ;
; FSMExecute:FSMExecute|ALUop[0]                            ; FSMExecute:FSMExecute|stop_operation_finished             ; yes                    ;
; FSMExecute:FSMExecute|ALUop[1]                            ; FSMExecute:FSMExecute|stop_operation_finished             ; yes                    ;
; FSMExecute:FSMExecute|ALUop[2]                            ; FSMExecute:FSMExecute|stop_operation_finished             ; yes                    ;
; DataHazardControl:DataHazardControl|DataMem_data_BPSel    ; DataHazardControl:DataHazardControl|DataMem_data_BPSel    ; yes                    ;
; DataHazardControl:DataHazardControl|DataMem_address_BPSel ; DataHazardControl:DataHazardControl|DataMem_address_BPSel ; yes                    ;
; FSMExecute:FSMExecute|squashIR2                           ; FSMExecute:FSMExecute|stop_operation_finished             ; yes                    ;
; FSMExecute:FSMExecute|PCSel                               ; FSMExecute:FSMExecute|stop_operation_finished             ; yes                    ;
; FSMExecute:FSMExecute|squashIR1                           ; FSMExecute:FSMExecute|stop_operation_finished             ; yes                    ;
; Number of user-specified and inferred latches = 14        ;                                                           ;                        ;
+-----------------------------------------------------------+-----------------------------------------------------------+------------------------+
Note: All latches listed above may not be present at the end of synthesis due to various synthesis optimizations.


+------------------------------------------------------+
; General Register Statistics                          ;
+----------------------------------------------+-------+
; Statistic                                    ; Value ;
+----------------------------------------------+-------+
; Total registers                              ; 129   ;
; Number of registers using Synchronous Clear  ; 0     ;
; Number of registers using Synchronous Load   ; 8     ;
; Number of registers using Asynchronous Clear ; 129   ;
; Number of registers using Asynchronous Load  ; 0     ;
; Number of registers using Clock Enable       ; 57    ;
; Number of registers using Preset             ; 0     ;
+----------------------------------------------+-------+


+--------------------------------------------------+
; Inverted Register Statistics                     ;
+----------------------------------------+---------+
; Inverted Register                      ; Fan out ;
+----------------------------------------+---------+
; register_8bit_ir:IR3_reg|q[1]          ; 4       ;
; register_8bit_ir:IR3_reg|q[3]          ; 3       ;
; register_8bit_ir:IR2_reg|q[3]          ; 13      ;
; register_8bit_ir:IR2_reg|q[1]          ; 16      ;
; register_8bit_ir:IR1_reg|q[1]          ; 3       ;
; register_8bit_ir:IR1_reg|q[3]          ; 1       ;
; Total number of inverted registers = 6 ;         ;
+----------------------------------------+---------+


+----------------------------------------------------------------------------------------------------------------------------------------------------------------------------------+
; Multiplexer Restructuring Statistics (Restructuring Performed)                                                                                                                   ;
+--------------------+-----------+---------------+----------------------+------------------------+----------------------------------------------------+----------------------------+
; Multiplexer Inputs ; Bus Width ; Baseline Area ; Area if Restructured ; Saving if Restructured ; Registered                                         ; Example Multiplexer Output ;
+--------------------+-----------+---------------+----------------------+------------------------+----------------------------------------------------+----------------------------+
; 4:1                ; 8 bits    ; 16 LEs        ; 16 LEs               ; 0 LEs                  ; |multicycle|register_8bit:R2|q[3]                  ;                            ;
; 4:1                ; 8 bits    ; 16 LEs        ; 16 LEs               ; 0 LEs                  ; |multicycle|register_8bit:R1|q[4]                  ;                            ;
; 3:1                ; 8 bits    ; 16 LEs        ; 16 LEs               ; 0 LEs                  ; |multicycle|mux2to1_8bit:ALU_in1_BP_mux|result[4]  ;                            ;
; 4:1                ; 3 bits    ; 6 LEs         ; 6 LEs                ; 0 LEs                  ; |multicycle|FSMExecute:FSMExecute|ALU_in2_mux_ctrl ;                            ;
; 5:1                ; 4 bits    ; 12 LEs        ; 8 LEs                ; 4 LEs                  ; |multicycle|mux2to1_8bit:ALU_in2_BP_mux|result[6]  ;                            ;
; 6:1                ; 2 bits    ; 8 LEs         ; 8 LEs                ; 0 LEs                  ; |multicycle|mux2to1_8bit:ALU_in2_BP_mux|result[1]  ;                            ;
; 9:1                ; 4 bits    ; 24 LEs        ; 24 LEs               ; 0 LEs                  ; |multicycle|ALU:ALU|tmp_out[2]                     ;                            ;
; 10:1               ; 2 bits    ; 12 LEs        ; 12 LEs               ; 0 LEs                  ; |multicycle|ALU:ALU|N                              ;                            ;
; 10:1               ; 2 bits    ; 12 LEs        ; 12 LEs               ; 0 LEs                  ; |multicycle|ALU:ALU|tmp_out[1]                     ;                            ;
+--------------------+-----------+---------------+----------------------+------------------------+----------------------------------------------------+----------------------------+


+-------------------------------------------------------------------------------------------------------------------+
; Source assignments for memory:DataMem|DualMem:inst|altsyncram:altsyncram_component|altsyncram_up82:auto_generated ;
+---------------------------------+--------------------+------+-----------------------------------------------------+
; Assignment                      ; Value              ; From ; To                                                  ;
+---------------------------------+--------------------+------+-----------------------------------------------------+
; OPTIMIZE_POWER_DURING_SYNTHESIS ; NORMAL_COMPILATION ; -    ; -                                                   ;
+---------------------------------+--------------------+------+-----------------------------------------------------+


+----------------------------------------------------------------------------+
; Parameter Settings for User Entity Instance: Top-level Entity: |multicycle ;
+----------------+-------+---------------------------------------------------+
; Parameter Name ; Value ; Type                                              ;
+----------------+-------+---------------------------------------------------+
; OP_STOP        ; 0001  ; Unsigned Binary                                   ;
; OP_ORI         ; 111   ; Unsigned Binary                                   ;
+----------------+-------+---------------------------------------------------+
Note: In order to hide this table in the UI and the text report file, please set the "Show Parameter Settings in Synthesis Report" option in "Analysis and Synthesis Settings -> More Settings" to "Off".


+--------------------------------------------------------------------+
; Parameter Settings for User Entity Instance: FSMExecute:FSMExecute ;
+----------------+-------+-------------------------------------------+
; Parameter Name ; Value ; Type                                      ;
+----------------+-------+-------------------------------------------+
; OP_LOAD        ; 0000  ; Unsigned Binary                           ;
; OP_STORE       ; 0010  ; Unsigned Binary                           ;
; OP_ADD         ; 0100  ; Unsigned Binary                           ;
; OP_SUB         ; 0110  ; Unsigned Binary                           ;
; OP_NAND        ; 1000  ; Unsigned Binary                           ;
; OP_BZ          ; 0101  ; Unsigned Binary                           ;
; OP_BNZ         ; 1001  ; Unsigned Binary                           ;
; OP_BPZ         ; 1101  ; Unsigned Binary                           ;
; OP_STOP        ; 0001  ; Unsigned Binary                           ;
; OP_NOP         ; 1010  ; Unsigned Binary                           ;
; OP_ORI         ; 111   ; Unsigned Binary                           ;
; OP_SHIFT       ; 011   ; Unsigned Binary                           ;
; ALU_ADD        ; 000   ; Unsigned Binary                           ;
; ALU_SUB        ; 001   ; Unsigned Binary                           ;
; ALU_NAND       ; 011   ; Unsigned Binary                           ;
; ALU_SHIFT      ; 100   ; Unsigned Binary                           ;
; ALU_ORI        ; 010   ; Unsigned Binary                           ;
+----------------+-------+-------------------------------------------+
Note: In order to hide this table in the UI and the text report file, please set the "Show Parameter Settings in Synthesis Report" option in "Analysis and Synthesis Settings -> More Settings" to "Off".


+----------------------------------------------------------+
; Parameter Settings for User Entity Instance: FSMWB:FSMWB ;
+----------------+-------+---------------------------------+
; Parameter Name ; Value ; Type                            ;
+----------------+-------+---------------------------------+
; OP_LOAD        ; 0000  ; Unsigned Binary                 ;
; OP_STORE       ; 0010  ; Unsigned Binary                 ;
; OP_ADD         ; 0100  ; Unsigned Binary                 ;
; OP_SUB         ; 0110  ; Unsigned Binary                 ;
; OP_NAND        ; 1000  ; Unsigned Binary                 ;
; OP_BZ          ; 0101  ; Unsigned Binary                 ;
; OP_BNZ         ; 1001  ; Unsigned Binary                 ;
; OP_BPZ         ; 1101  ; Unsigned Binary                 ;
; OP_STOP        ; 0001  ; Unsigned Binary                 ;
; OP_NOP         ; 1010  ; Unsigned Binary                 ;
; OP_ORI         ; 111   ; Unsigned Binary                 ;
; OP_SHIFT       ; 011   ; Unsigned Binary                 ;
+----------------+-------+---------------------------------+
Note: In order to hide this table in the UI and the text report file, please set the "Show Parameter Settings in Synthesis Report" option in "Analysis and Synthesis Settings -> More Settings" to "Off".


+----------------------------------------------------------------------------------+
; Parameter Settings for User Entity Instance: DataHazardControl:DataHazardControl ;
+----------------+-------+---------------------------------------------------------+
; Parameter Name ; Value ; Type                                                    ;
+----------------+-------+---------------------------------------------------------+
; OP_LOAD        ; 0000  ; Unsigned Binary                                         ;
; OP_STORE       ; 0010  ; Unsigned Binary                                         ;
; OP_ADD         ; 0100  ; Unsigned Binary                                         ;
; OP_SUB         ; 0110  ; Unsigned Binary                                         ;
; OP_NAND        ; 1000  ; Unsigned Binary                                         ;
; OP_BZ          ; 0101  ; Unsigned Binary                                         ;
; OP_BNZ         ; 1001  ; Unsigned Binary                                         ;
; OP_BPZ         ; 1101  ; Unsigned Binary                                         ;
; OP_STOP        ; 0001  ; Unsigned Binary                                         ;
; OP_NOP         ; 1010  ; Unsigned Binary                                         ;
; OP_ORI         ; 111   ; Unsigned Binary                                         ;
; OP_SHIFT       ; 011   ; Unsigned Binary                                         ;
+----------------+-------+---------------------------------------------------------+
Note: In order to hide this table in the UI and the text report file, please set the "Show Parameter Settings in Synthesis Report" option in "Analysis and Synthesis Settings -> More Settings" to "Off".


+----------------------------------------------------------------------------------------------------------+
; Parameter Settings for User Entity Instance: memory:DataMem|DualMem:inst|altsyncram:altsyncram_component ;
+------------------------------------+----------------------+----------------------------------------------+
; Parameter Name                     ; Value                ; Type                                         ;
+------------------------------------+----------------------+----------------------------------------------+
; BYTE_SIZE_BLOCK                    ; 8                    ; Untyped                                      ;
; AUTO_CARRY_CHAINS                  ; ON                   ; AUTO_CARRY                                   ;
; IGNORE_CARRY_BUFFERS               ; OFF                  ; IGNORE_CARRY                                 ;
; AUTO_CASCADE_CHAINS                ; ON                   ; AUTO_CASCADE                                 ;
; IGNORE_CASCADE_BUFFERS             ; OFF                  ; IGNORE_CASCADE                               ;
; WIDTH_BYTEENA                      ; 1                    ; Untyped                                      ;
; OPERATION_MODE                     ; BIDIR_DUAL_PORT      ; Untyped                                      ;
; WIDTH_A                            ; 8                    ; Signed Integer                               ;
; WIDTHAD_A                          ; 8                    ; Signed Integer                               ;
; NUMWORDS_A                         ; 256                  ; Signed Integer                               ;
; OUTDATA_REG_A                      ; UNREGISTERED         ; Untyped                                      ;
; ADDRESS_ACLR_A                     ; NONE                 ; Untyped                                      ;
; OUTDATA_ACLR_A                     ; NONE                 ; Untyped                                      ;
; WRCONTROL_ACLR_A                   ; NONE                 ; Untyped                                      ;
; INDATA_ACLR_A                      ; NONE                 ; Untyped                                      ;
; BYTEENA_ACLR_A                     ; NONE                 ; Untyped                                      ;
; WIDTH_B                            ; 8                    ; Signed Integer                               ;
; WIDTHAD_B                          ; 8                    ; Signed Integer                               ;
; NUMWORDS_B                         ; 256                  ; Signed Integer                               ;
; INDATA_REG_B                       ; CLOCK0               ; Untyped                                      ;
; WRCONTROL_WRADDRESS_REG_B          ; CLOCK0               ; Untyped                                      ;
; RDCONTROL_REG_B                    ; CLOCK1               ; Untyped                                      ;
; ADDRESS_REG_B                      ; CLOCK0               ; Untyped                                      ;
; OUTDATA_REG_B                      ; UNREGISTERED         ; Untyped                                      ;
; BYTEENA_REG_B                      ; CLOCK1               ; Untyped                                      ;
; INDATA_ACLR_B                      ; NONE                 ; Untyped                                      ;
; WRCONTROL_ACLR_B                   ; NONE                 ; Untyped                                      ;
; ADDRESS_ACLR_B                     ; NONE                 ; Untyped                                      ;
; OUTDATA_ACLR_B                     ; NONE                 ; Untyped                                      ;
; RDCONTROL_ACLR_B                   ; NONE                 ; Untyped                                      ;
; BYTEENA_ACLR_B                     ; NONE                 ; Untyped                                      ;
; WIDTH_BYTEENA_A                    ; 1                    ; Signed Integer                               ;
; WIDTH_BYTEENA_B                    ; 1                    ; Signed Integer                               ;
; RAM_BLOCK_TYPE                     ; AUTO                 ; Untyped                                      ;
; BYTE_SIZE                          ; 8                    ; Untyped                                      ;
; READ_DURING_WRITE_MODE_MIXED_PORTS ; OLD_DATA             ; Untyped                                      ;
; READ_DURING_WRITE_MODE_PORT_A      ; NEW_DATA_NO_NBE_READ ; Untyped                                      ;
; READ_DURING_WRITE_MODE_PORT_B      ; NEW_DATA_NO_NBE_READ ; Untyped                                      ;
; INIT_FILE                          ; trial2.mif           ; Untyped                                      ;
; INIT_FILE_LAYOUT                   ; PORT_A               ; Untyped                                      ;
; MAXIMUM_DEPTH                      ; 0                    ; Untyped                                      ;
; CLOCK_ENABLE_INPUT_A               ; BYPASS               ; Untyped                                      ;
; CLOCK_ENABLE_INPUT_B               ; BYPASS               ; Untyped                                      ;
; CLOCK_ENABLE_OUTPUT_A              ; BYPASS               ; Untyped                                      ;
; CLOCK_ENABLE_OUTPUT_B              ; BYPASS               ; Untyped                                      ;
; CLOCK_ENABLE_CORE_A                ; USE_INPUT_CLKEN      ; Untyped                                      ;
; CLOCK_ENABLE_CORE_B                ; USE_INPUT_CLKEN      ; Untyped                                      ;
; ENABLE_ECC                         ; FALSE                ; Untyped                                      ;
; WIDTH_ECCSTATUS                    ; 3                    ; Untyped                                      ;
; DEVICE_FAMILY                      ; Cyclone II           ; Untyped                                      ;
; CBXI_PARAMETER                     ; altsyncram_up82      ; Untyped                                      ;
+------------------------------------+----------------------+----------------------------------------------+
Note: In order to hide this table in the UI and the text report file, please set the "Show Parameter Settings in Synthesis Report" option in "Analysis and Synthesis Settings -> More Settings" to "Off".


+----------------------------------------------------------+
; Parameter Settings for User Entity Instance: sExtend:SE4 ;
+----------------+-------+---------------------------------+
; Parameter Name ; Value ; Type                            ;
+----------------+-------+---------------------------------+
; n              ; 4     ; Signed Integer                  ;
+----------------+-------+---------------------------------+
Note: In order to hide this table in the UI and the text report file, please set the "Show Parameter Settings in Synthesis Report" option in "Analysis and Synthesis Settings -> More Settings" to "Off".


+----------------------------------------------------------+
; Parameter Settings for User Entity Instance: zExtend:ZE3 ;
+----------------+-------+---------------------------------+
; Parameter Name ; Value ; Type                            ;
+----------------+-------+---------------------------------+
; n              ; 3     ; Signed Integer                  ;
+----------------+-------+---------------------------------+
Note: In order to hide this table in the UI and the text report file, please set the "Show Parameter Settings in Synthesis Report" option in "Analysis and Synthesis Settings -> More Settings" to "Off".


+----------------------------------------------------------+
; Parameter Settings for User Entity Instance: zExtend:ZE5 ;
+----------------+-------+---------------------------------+
; Parameter Name ; Value ; Type                            ;
+----------------+-------+---------------------------------+
; n              ; 5     ; Signed Integer                  ;
+----------------+-------+---------------------------------+
Note: In order to hide this table in the UI and the text report file, please set the "Show Parameter Settings in Synthesis Report" option in "Analysis and Synthesis Settings -> More Settings" to "Off".


+---------------------------------------------------------------------------------------------------------+
; altsyncram Parameter Settings by Entity Instance                                                        ;
+-------------------------------------------+-------------------------------------------------------------+
; Name                                      ; Value                                                       ;
+-------------------------------------------+-------------------------------------------------------------+
; Number of entity instances                ; 1                                                           ;
; Entity Instance                           ; memory:DataMem|DualMem:inst|altsyncram:altsyncram_component ;
;     -- OPERATION_MODE                     ; BIDIR_DUAL_PORT                                             ;
;     -- WIDTH_A                            ; 8                                                           ;
;     -- NUMWORDS_A                         ; 256                                                         ;
;     -- OUTDATA_REG_A                      ; UNREGISTERED                                                ;
;     -- WIDTH_B                            ; 8                                                           ;
;     -- NUMWORDS_B                         ; 256                                                         ;
;     -- ADDRESS_REG_B                      ; CLOCK0                                                      ;
;     -- OUTDATA_REG_B                      ; UNREGISTERED                                                ;
;     -- RAM_BLOCK_TYPE                     ; AUTO                                                        ;
;     -- READ_DURING_WRITE_MODE_MIXED_PORTS ; OLD_DATA                                                    ;
+-------------------------------------------+-------------------------------------------------------------+


+------------------------------------------------------+
; Port Connectivity Checks: "register_8bit:ALUOut_reg" ;
+--------+-------+----------+--------------------------+
; Port   ; Type  ; Severity ; Details                  ;
+--------+-------+----------+--------------------------+
; enable ; Input ; Info     ; Stuck at VCC             ;
+--------+-------+----------+--------------------------+


+----------------------------------------------+
; Port Connectivity Checks: "register_8bit:R2" ;
+--------+-------+----------+------------------+
; Port   ; Type  ; Severity ; Details          ;
+--------+-------+----------+------------------+
; enable ; Input ; Info     ; Stuck at VCC     ;
+--------+-------+----------+------------------+


+----------------------------------------------+
; Port Connectivity Checks: "register_8bit:R1" ;
+--------+-------+----------+------------------+
; Port   ; Type  ; Severity ; Details          ;
+--------+-------+----------+------------------+
; enable ; Input ; Info     ; Stuck at VCC     ;
+--------+-------+----------+------------------+


+--------------------------------------------------------+
; Port Connectivity Checks: "ALU:PC_ALU"                 ;
+-----------+--------+----------+------------------------+
; Port      ; Type   ; Severity ; Details                ;
+-----------+--------+----------+------------------------+
; in1[7..1] ; Input  ; Info     ; Stuck at GND           ;
; in1[0]    ; Input  ; Info     ; Stuck at VCC           ;
; ALUOp     ; Input  ; Info     ; Stuck at GND           ;
; N         ; Output ; Info     ; Explicitly unconnected ;
; Z         ; Output ; Info     ; Explicitly unconnected ;
+-----------+--------+----------+------------------------+


+-----------------------------------------------+
; Port Connectivity Checks: "register_8bit:PC3" ;
+--------+-------+----------+-------------------+
; Port   ; Type  ; Severity ; Details           ;
+--------+-------+----------+-------------------+
; enable ; Input ; Info     ; Stuck at VCC      ;
+--------+-------+----------+-------------------+


+-----------------------------------------------+
; Port Connectivity Checks: "register_8bit:PC2" ;
+--------+-------+----------+-------------------+
; Port   ; Type  ; Severity ; Details           ;
+--------+-------+----------+-------------------+
; enable ; Input ; Info     ; Stuck at VCC      ;
+--------+-------+----------+-------------------+


+-----------------------------------------------+
; Port Connectivity Checks: "register_8bit:PC1" ;
+--------+-------+----------+-------------------+
; Port   ; Type  ; Severity ; Details           ;
+--------+-------+----------+-------------------+
; enable ; Input ; Info     ; Stuck at VCC      ;
+--------+-------+----------+-------------------+


+------------------------------------------------------+
; Port Connectivity Checks: "register_8bit_ir:IR3_reg" ;
+--------+-------+----------+--------------------------+
; Port   ; Type  ; Severity ; Details                  ;
+--------+-------+----------+--------------------------+
; enable ; Input ; Info     ; Stuck at VCC             ;
+--------+-------+----------+--------------------------+


+------------------------------------------------------+
; Port Connectivity Checks: "register_8bit_ir:IR2_reg" ;
+--------+-------+----------+--------------------------+
; Port   ; Type  ; Severity ; Details                  ;
+--------+-------+----------+--------------------------+
; enable ; Input ; Info     ; Stuck at VCC             ;
+--------+-------+----------+--------------------------+


+------------------------------------------------------+
; Port Connectivity Checks: "register_8bit_ir:IR1_reg" ;
+--------+-------+----------+--------------------------+
; Port   ; Type  ; Severity ; Details                  ;
+--------+-------+----------+--------------------------+
; enable ; Input ; Info     ; Stuck at VCC             ;
+--------+-------+----------+--------------------------+


+------------------------------------------------------+
; Port Connectivity Checks: "mux5to1_8bit:ALU_in2_mux" ;
+--------------+-------+----------+--------------------+
; Port         ; Type  ; Severity ; Details            ;
+--------------+-------+----------+--------------------+
; data1x[7..1] ; Input ; Info     ; Stuck at GND       ;
; data1x[0]    ; Input ; Info     ; Stuck at VCC       ;
+--------------+-------+----------+--------------------+


+------------------------------------------------------+
; Port Connectivity Checks: "mux5to1_8bit:ALU_in1_mux" ;
+--------+-------+----------+--------------------------+
; Port   ; Type  ; Severity ; Details                  ;
+--------+-------+----------+--------------------------+
; data2x ; Input ; Info     ; Explicitly unconnected   ;
; data3x ; Input ; Info     ; Explicitly unconnected   ;
; data4x ; Input ; Info     ; Explicitly unconnected   ;
+--------+-------+----------+--------------------------+


+----------------------------------------------------------------------------------------------------------------------------------------------------------------------------+
; Port Connectivity Checks: "FSMExecute:FSMExecute"                                                                                                                          ;
+------------------+--------+----------+-------------------------------------------------------------------------------------------------------------------------------------+
; Port             ; Type   ; Severity ; Details                                                                                                                             ;
+------------------+--------+----------+-------------------------------------------------------------------------------------------------------------------------------------+
; ALU_in1_mux_ctrl ; Output ; Warning  ; Output or bidir port (8 bits) is wider than the port expression (3 bits) it drives; bit(s) "ALU_in1_mux_ctrl[7..3]" have no fanouts ;
+------------------+--------+----------+-------------------------------------------------------------------------------------------------------------------------------------+


+-------------------------------+
; Elapsed Time Per Partition    ;
+----------------+--------------+
; Partition Name ; Elapsed Time ;
+----------------+--------------+
; Top            ; 00:00:02     ;
+----------------+--------------+


+-------------------------------+
; Analysis & Synthesis Messages ;
+-------------------------------+
Info: *******************************************************************
Info: Running Quartus II 32-bit Analysis & Synthesis
    Info: Version 11.1 Build 259 01/25/2012 Service Pack 2 SJ Web Edition
    Info: Processing started: Tue Nov 26 16:28:23 2013
Info: Command: quartus_map --read_settings_files=on --write_settings_files=off multicycle -c multicycle
Warning (20028): Parallel compilation is not licensed and has been disabled
Info (12021): Found 2 design units, including 2 entities, in source file register_8bit.v
    Info (12023): Found entity 1: register_8bit
    Info (12023): Found entity 2: register_8bit_ir
Info (12021): Found 1 design units, including 1 entities, in source file mux2to1_8bit.v
    Info (12023): Found entity 1: mux2to1_8bit
Info (12021): Found 1 design units, including 1 entities, in source file mux2to1_2bit.v
    Info (12023): Found entity 1: mux2to1_2bit
Info (12021): Found 1 design units, including 1 entities, in source file mux5to1_8bit.v
    Info (12023): Found entity 1: mux5to1_8bit
Info (12021): Found 1 design units, including 1 entities, in source file dualmem.v
    Info (12023): Found entity 1: DualMem
Info (12021): Found 1 design units, including 1 entities, in source file multicycle.v
    Info (12023): Found entity 1: multicycle
Info (12021): Found 1 design units, including 1 entities, in source file datamemory.v
    Info (12023): Found entity 1: DataMemory
Info (12021): Found 1 design units, including 1 entities, in source file alu.v
    Info (12023): Found entity 1: ALU
Info (12021): Found 1 design units, including 1 entities, in source file rf.v
    Info (12023): Found entity 1: RF
Info (12021): Found 2 design units, including 2 entities, in source file extend.v
    Info (12023): Found entity 1: zExtend
    Info (12023): Found entity 2: sExtend
Info (12021): Found 3 design units, including 3 entities, in source file hex.v
    Info (12023): Found entity 1: chooseHEXs
    Info (12023): Found entity 2: HEXs
    Info (12023): Found entity 3: HEX
Info (12021): Found 3 design units, including 3 entities, in source file fsm.v
    Info (12023): Found entity 1: DataHazardControl
    Info (12023): Found entity 2: FSMExecute
    Info (12023): Found entity 3: FSMWB
Info (12021): Found 1 design units, including 1 entities, in source file memory.bdf
    Info (12023): Found entity 1: memory
Info (12127): Elaborating entity "multicycle" for the top level hierarchy
Warning (10230): Verilog HDL assignment warning at multicycle.v(295): truncated value with size 32 to match size of target (1)
Warning (10230): Verilog HDL assignment warning at multicycle.v(339): truncated value with size 32 to match size of target (16)
Warning (10034): Output port "LEDG" at multicycle.v(37) has no driver
Warning (10034): Output port "LEDR" at multicycle.v(38) has no driver
Info (12128): Elaborating entity "HEXs" for hierarchy "HEXs:HEX_display"
Info (12128): Elaborating entity "HEX" for hierarchy "HEXs:HEX_display|HEX:hex0"
Info (12128): Elaborating entity "FSMExecute" for hierarchy "FSMExecute:FSMExecute"
Warning (10240): Verilog HDL Always Construct warning at FSM.v(120): inferring latch(es) for variable "ALU_in2_mux_ctrl", which holds its previous value in one or more paths through the always construct
Warning (10240): Verilog HDL Always Construct warning at FSM.v(120): inferring latch(es) for variable "ALUop", which holds its previous value in one or more paths through the always construct
Warning (10240): Verilog HDL Always Construct warning at FSM.v(120): inferring latch(es) for variable "ALU_in1_mux_ctrl", which holds its previous value in one or more paths through the always construct
Warning (10240): Verilog HDL Always Construct warning at FSM.v(120): inferring latch(es) for variable "PCSel", which holds its previous value in one or more paths through the always construct
Warning (10240): Verilog HDL Always Construct warning at FSM.v(120): inferring latch(es) for variable "squashIR1", which holds its previous value in one or more paths through the always construct
Warning (10240): Verilog HDL Always Construct warning at FSM.v(120): inferring latch(es) for variable "squashIR2", which holds its previous value in one or more paths through the always construct
Info (10041): Inferred latch for "squashIR2" at FSM.v(225)
Info (10041): Inferred latch for "squashIR1" at FSM.v(225)
Info (10041): Inferred latch for "PCSel" at FSM.v(225)
Info (10041): Inferred latch for "ALU_in1_mux_ctrl[0]" at FSM.v(225)
Info (10041): Inferred latch for "ALU_in1_mux_ctrl[1]" at FSM.v(225)
Info (10041): Inferred latch for "ALU_in1_mux_ctrl[2]" at FSM.v(225)
Info (10041): Inferred latch for "ALU_in1_mux_ctrl[3]" at FSM.v(225)
Info (10041): Inferred latch for "ALU_in1_mux_ctrl[4]" at FSM.v(225)
Info (10041): Inferred latch for "ALU_in1_mux_ctrl[5]" at FSM.v(225)
Info (10041): Inferred latch for "ALU_in1_mux_ctrl[6]" at FSM.v(225)
Info (10041): Inferred latch for "ALU_in1_mux_ctrl[7]" at FSM.v(225)
Info (10041): Inferred latch for "ALUop[0]" at FSM.v(225)
Info (10041): Inferred latch for "ALUop[1]" at FSM.v(225)
Info (10041): Inferred latch for "ALUop[2]" at FSM.v(225)
Info (10041): Inferred latch for "ALU_in2_mux_ctrl[0]" at FSM.v(225)
Info (10041): Inferred latch for "ALU_in2_mux_ctrl[1]" at FSM.v(225)
Info (10041): Inferred latch for "ALU_in2_mux_ctrl[2]" at FSM.v(225)
Info (12128): Elaborating entity "FSMWB" for hierarchy "FSMWB:FSMWB"
Info (12128): Elaborating entity "DataHazardControl" for hierarchy "DataHazardControl:DataHazardControl"
Warning (10240): Verilog HDL Always Construct warning at FSM.v(23): inferring latch(es) for variable "ALU_in1_BPSel", which holds its previous value in one or more paths through the always construct
Warning (10240): Verilog HDL Always Construct warning at FSM.v(23): inferring latch(es) for variable "ALU_in2_BPSel", which holds its previous value in one or more paths through the always construct
Warning (10240): Verilog HDL Always Construct warning at FSM.v(23): inferring latch(es) for variable "DataMem_data_BPSel", which holds its previous value in one or more paths through the always construct
Warning (10240): Verilog HDL Always Construct warning at FSM.v(23): inferring latch(es) for variable "DataMem_address_BPSel", which holds its previous value in one or more paths through the always construct
Info (10041): Inferred latch for "DataMem_address_BPSel" at FSM.v(33)
Info (10041): Inferred latch for "DataMem_data_BPSel" at FSM.v(33)
Info (10041): Inferred latch for "ALU_in2_BPSel" at FSM.v(33)
Info (10041): Inferred latch for "ALU_in1_BPSel" at FSM.v(33)
Info (12128): Elaborating entity "memory" for hierarchy "memory:DataMem"
Info (12128): Elaborating entity "mux2to1_8bit" for hierarchy "memory:DataMem|mux2to1_8bit:inst3"
Info (12128): Elaborating entity "DualMem" for hierarchy "memory:DataMem|DualMem:inst"
Info (12128): Elaborating entity "altsyncram" for hierarchy "memory:DataMem|DualMem:inst|altsyncram:altsyncram_component"
Info (12130): Elaborated megafunction instantiation "memory:DataMem|DualMem:inst|altsyncram:altsyncram_component"
Info (12133): Instantiated megafunction "memory:DataMem|DualMem:inst|altsyncram:altsyncram_component" with the following parameter:
    Info (12134): Parameter "address_reg_b" = "CLOCK0"
    Info (12134): Parameter "clock_enable_input_a" = "BYPASS"
    Info (12134): Parameter "clock_enable_input_b" = "BYPASS"
    Info (12134): Parameter "clock_enable_output_a" = "BYPASS"
    Info (12134): Parameter "clock_enable_output_b" = "BYPASS"
    Info (12134): Parameter "indata_reg_b" = "CLOCK0"
    Info (12134): Parameter "init_file" = "trial2.mif"
    Info (12134): Parameter "intended_device_family" = "Cyclone II"
    Info (12134): Parameter "lpm_type" = "altsyncram"
    Info (12134): Parameter "numwords_a" = "256"
    Info (12134): Parameter "numwords_b" = "256"
    Info (12134): Parameter "operation_mode" = "BIDIR_DUAL_PORT"
    Info (12134): Parameter "outdata_aclr_a" = "NONE"
    Info (12134): Parameter "outdata_aclr_b" = "NONE"
    Info (12134): Parameter "outdata_reg_a" = "UNREGISTERED"
    Info (12134): Parameter "outdata_reg_b" = "UNREGISTERED"
    Info (12134): Parameter "power_up_uninitialized" = "FALSE"
    Info (12134): Parameter "read_during_write_mode_mixed_ports" = "OLD_DATA"
    Info (12134): Parameter "widthad_a" = "8"
    Info (12134): Parameter "widthad_b" = "8"
    Info (12134): Parameter "width_a" = "8"
    Info (12134): Parameter "width_b" = "8"
    Info (12134): Parameter "width_byteena_a" = "1"
    Info (12134): Parameter "width_byteena_b" = "1"
    Info (12134): Parameter "wrcontrol_wraddress_reg_b" = "CLOCK0"
Info (12021): Found 1 design units, including 1 entities, in source file db/altsyncram_up82.tdf
    Info (12023): Found entity 1: altsyncram_up82
Info (12128): Elaborating entity "altsyncram_up82" for hierarchy "memory:DataMem|DualMem:inst|altsyncram:altsyncram_component|altsyncram_up82:auto_generated"
Info (12128): Elaborating entity "ALU" for hierarchy "ALU:ALU"
Info (12128): Elaborating entity "mux5to1_8bit" for hierarchy "mux5to1_8bit:ALU_in1_mux"
Info (12128): Elaborating entity "RF" for hierarchy "RF:RF_block"
Info (12128): Elaborating entity "register_8bit_ir" for hierarchy "register_8bit_ir:IR1_reg"
Info (12128): Elaborating entity "mux2to1_2bit" for hierarchy "mux2to1_2bit:RWSel_mux"
Info (12128): Elaborating entity "register_8bit" for hierarchy "register_8bit:MDR_reg"
Info (12128): Elaborating entity "sExtend" for hierarchy "sExtend:SE4"
Info (12128): Elaborating entity "zExtend" for hierarchy "zExtend:ZE3"
Info (12128): Elaborating entity "zExtend" for hierarchy "zExtend:ZE5"
Warning (12241): 1 hierarchies have connectivity warnings - see the Connectivity Checks report folder
Info (13025): Duplicate LATCH primitives merged into single LATCH primitive
    Info (13026): Duplicate LATCH primitive "FSMExecute:FSMExecute|ALUop[2]" merged with LATCH primitive "FSMExecute:FSMExecute|ALU_in2_mux_ctrl[2]"
    Info (13026): Duplicate LATCH primitive "FSMExecute:FSMExecute|squashIR1" merged with LATCH primitive "FSMExecute:FSMExecute|squashIR2"
Warning (13012): Latch DataHazardControl:DataHazardControl|ALU_in1_BPSel has unsafe behavior
    Warning (13013): Ports D and ENA on the latch are fed by the same signal register_8bit_ir:IR3_reg|q[3]
Warning (13012): Latch DataHazardControl:DataHazardControl|ALU_in2_BPSel has unsafe behavior
    Warning (13013): Ports D and ENA on the latch are fed by the same signal register_8bit_ir:IR2_reg|q[3]
Warning (13012): Latch DataHazardControl:DataHazardControl|DataMem_data_BPSel has unsafe behavior
    Warning (13013): Ports D and ENA on the latch are fed by the same signal register_8bit_ir:IR2_reg|q[3]
Warning (13012): Latch DataHazardControl:DataHazardControl|DataMem_address_BPSel has unsafe behavior
    Warning (13013): Ports D and ENA on the latch are fed by the same signal register_8bit_ir:IR2_reg|q[3]
Info (13000): Registers with preset signals will power-up high
Info (13003): DEV_CLRn pin will set, and not reset, register with preset signal due to NOT Gate Push-Back
Warning (13024): Output pins are stuck at VCC or GND
    Warning (13410): Pin "LEDG[0]" is stuck at GND
    Warning (13410): Pin "LEDG[1]" is stuck at GND
    Warning (13410): Pin "LEDG[2]" is stuck at GND
    Warning (13410): Pin "LEDG[3]" is stuck at GND
    Warning (13410): Pin "LEDG[4]" is stuck at GND
    Warning (13410): Pin "LEDG[5]" is stuck at GND
    Warning (13410): Pin "LEDG[6]" is stuck at GND
    Warning (13410): Pin "LEDG[7]" is stuck at GND
    Warning (13410): Pin "LEDR[0]" is stuck at GND
    Warning (13410): Pin "LEDR[1]" is stuck at GND
    Warning (13410): Pin "LEDR[2]" is stuck at GND
    Warning (13410): Pin "LEDR[3]" is stuck at GND
    Warning (13410): Pin "LEDR[4]" is stuck at GND
    Warning (13410): Pin "LEDR[5]" is stuck at GND
    Warning (13410): Pin "LEDR[6]" is stuck at GND
    Warning (13410): Pin "LEDR[7]" is stuck at GND
    Warning (13410): Pin "LEDR[8]" is stuck at GND
    Warning (13410): Pin "LEDR[9]" is stuck at GND
    Warning (13410): Pin "LEDR[10]" is stuck at GND
    Warning (13410): Pin "LEDR[11]" is stuck at GND
    Warning (13410): Pin "LEDR[12]" is stuck at GND
    Warning (13410): Pin "LEDR[13]" is stuck at GND
    Warning (13410): Pin "LEDR[14]" is stuck at GND
    Warning (13410): Pin "LEDR[15]" is stuck at GND
    Warning (13410): Pin "LEDR[16]" is stuck at GND
    Warning (13410): Pin "LEDR[17]" is stuck at GND
Info (16010): Generating hard_block partition "hard_block:auto_generated_inst"
Warning (21074): Design contains 3 input pin(s) that do not drive logic
    Warning (15610): No output dependent on input pin "SW[0]"
    Warning (15610): No output dependent on input pin "SW[1]"
    Warning (15610): No output dependent on input pin "KEY[2]"
Info (21057): Implemented 514 device resources after synthesis - the final resource count might be different
    Info (21058): Implemented 6 input pins
    Info (21059): Implemented 82 output pins
    Info (21061): Implemented 418 logic cells
    Info (21064): Implemented 8 RAM segments
Info: Quartus II 32-bit Analysis & Synthesis was successful. 0 errors, 55 warnings
    Info: Peak virtual memory: 304 megabytes
    Info: Processing ended: Tue Nov 26 16:28:28 2013
    Info: Elapsed time: 00:00:05
    Info: Total CPU time (on all processors): 00:00:04


